============================= test session starts =============================
platform win32 -- Python 3.12.10, pytest-9.0.2, pluggy-1.6.0
rootdir: C:\Users\bigwh\OneDrive\Documents\GitHub\aortica
configfile: pyproject.toml
plugins: anyio-4.6.2.post1, cov-7.0.0
collected 30 items

tests\api\test_predict.py ........FFFFFFFFFFFFFFFFFFFF..                 [100%]

================================== FAILURES ===================================
____________ TestPredictEndpointNoModel.test_returns_200_with_wfdb ____________

self = <tests.api.test_predict.TestPredictEndpointNoModel object at 0x00000217AE7DEDE0>
tmp_path = WindowsPath('C:/Users/bigwh/AppData/Local/Temp/pytest-of-bigwh/pytest-7/test_returns_200_with_wfdb0')

    def test_returns_200_with_wfdb(self, tmp_path: Any) -> None:
        """Upload a WFDB file and get quality report + empty predictions."""
        base_path = _make_synthetic_wfdb_files(tmp_path)
    
        app = create_app()
        client = TestClient(app)
    
        hea_path = base_path + ".hea"
        with open(hea_path, "rb") as f:
            hea_bytes = f.read()
        dat_path = base_path + ".dat"
        with open(dat_path, "rb") as f:
            dat_bytes = f.read()
    
        # For WFDB we need both files; use the format override approach
        # with a single .hea file, but WFDB reader needs both.
        # Instead we'll mock read_ecg to return a record directly.
        from aortica.io.ecg_record import ECGRecord
    
        mock_record = ECGRecord(
            signals=np.random.default_rng(0).normal(0, 100, (2, 500)).astype(
                np.float64
            ),
            sample_rate=500.0,
            lead_names=["II", "V5"],
            duration_seconds=1.0,
            source_format="wfdb",
        )
    
>       with patch("aortica.api.predict.read_ecg", return_value=mock_record):
             ^^^^^^^^^^^^^^^^^^^^^^^^^^^^^^^^^^^^^^^^^^^^^^^^^^^^^^^^^^^^^^^

tests\api\test_predict.py:275: 
_ _ _ _ _ _ _ _ _ _ _ _ _ _ _ _ _ _ _ _ _ _ _ _ _ _ _ _ _ _ _ _ _ _ _ _ _ _ _ _

self = <unittest.mock._patch object at 0x00000217AE5E1430>

    def __enter__(self):
        """Perform the patch."""
        if self.is_started:
            raise RuntimeError("Patch is already started")
    
        new, spec, spec_set = self.new, self.spec, self.spec_set
        autospec, kwargs = self.autospec, self.kwargs
        new_callable = self.new_callable
        self.target = self.getter()
    
        # normalise False to None
        if spec is False:
            spec = None
        if spec_set is False:
            spec_set = None
        if autospec is False:
            autospec = None
    
        if spec is not None and autospec is not None:
            raise TypeError("Can't specify spec and autospec")
        if ((spec is not None or autospec is not None) and
            spec_set not in (True, None)):
            raise TypeError("Can't provide explicit spec_set *and* spec or autospec")
    
>       original, local = self.get_original()
                          ^^^^^^^^^^^^^^^^^^^

C:\Program Files\WindowsApps\PythonSoftwareFoundation.Python.3.12_3.12.2800.0_x64__qbz5n2kfra8p0\Lib\unittest\mock.py:1467: 
_ _ _ _ _ _ _ _ _ _ _ _ _ _ _ _ _ _ _ _ _ _ _ _ _ _ _ _ _ _ _ _ _ _ _ _ _ _ _ _

self = <unittest.mock._patch object at 0x00000217AE5E1430>

    def get_original(self):
        target = self.getter()
        name = self.attribute
    
        original = DEFAULT
        local = False
    
        try:
            original = target.__dict__[name]
        except (AttributeError, KeyError):
            original = getattr(target, name, DEFAULT)
        else:
            local = True
    
        if name in _builtins and isinstance(target, ModuleType):
            self.create = True
    
        if not self.create and original is DEFAULT:
>           raise AttributeError(
                "%s does not have the attribute %r" % (target, name)
            )
E           AttributeError: <module 'aortica.api.predict' from 'C:\\Users\\bigwh\\OneDrive\\Documents\\GitHub\\aortica\\aortica\\api\\predict.py'> does not have the attribute 'read_ecg'

C:\Program Files\WindowsApps\PythonSoftwareFoundation.Python.3.12_3.12.2800.0_x64__qbz5n2kfra8p0\Lib\unittest\mock.py:1437: AttributeError
_______ TestPredictEndpointNoModel.test_returns_200_with_quality_report _______

self = <tests.api.test_predict.TestPredictEndpointNoModel object at 0x00000217AE7DF080>

    def test_returns_200_with_quality_report(self) -> None:
        """Quality report fields are present in the response."""
        from aortica.io.ecg_record import ECGRecord
    
        mock_record = ECGRecord(
            signals=np.random.default_rng(0).normal(0, 100, (2, 500)).astype(
                np.float64
            ),
            sample_rate=500.0,
            lead_names=["II", "V5"],
            duration_seconds=1.0,
            source_format="wfdb",
        )
    
        app = create_app()
        client = TestClient(app)
    
>       with patch("aortica.api.predict.read_ecg", return_value=mock_record):
             ^^^^^^^^^^^^^^^^^^^^^^^^^^^^^^^^^^^^^^^^^^^^^^^^^^^^^^^^^^^^^^^

tests\api\test_predict.py:304: 
_ _ _ _ _ _ _ _ _ _ _ _ _ _ _ _ _ _ _ _ _ _ _ _ _ _ _ _ _ _ _ _ _ _ _ _ _ _ _ _

self = <unittest.mock._patch object at 0x00000217AE921580>

    def __enter__(self):
        """Perform the patch."""
        if self.is_started:
            raise RuntimeError("Patch is already started")
    
        new, spec, spec_set = self.new, self.spec, self.spec_set
        autospec, kwargs = self.autospec, self.kwargs
        new_callable = self.new_callable
        self.target = self.getter()
    
        # normalise False to None
        if spec is False:
            spec = None
        if spec_set is False:
            spec_set = None
        if autospec is False:
            autospec = None
    
        if spec is not None and autospec is not None:
            raise TypeError("Can't specify spec and autospec")
        if ((spec is not None or autospec is not None) and
            spec_set not in (True, None)):
            raise TypeError("Can't provide explicit spec_set *and* spec or autospec")
    
>       original, local = self.get_original()
                          ^^^^^^^^^^^^^^^^^^^

C:\Program Files\WindowsApps\PythonSoftwareFoundation.Python.3.12_3.12.2800.0_x64__qbz5n2kfra8p0\Lib\unittest\mock.py:1467: 
_ _ _ _ _ _ _ _ _ _ _ _ _ _ _ _ _ _ _ _ _ _ _ _ _ _ _ _ _ _ _ _ _ _ _ _ _ _ _ _

self = <unittest.mock._patch object at 0x00000217AE921580>

    def get_original(self):
        target = self.getter()
        name = self.attribute
    
        original = DEFAULT
        local = False
    
        try:
            original = target.__dict__[name]
        except (AttributeError, KeyError):
            original = getattr(target, name, DEFAULT)
        else:
            local = True
    
        if name in _builtins and isinstance(target, ModuleType):
            self.create = True
    
        if not self.create and original is DEFAULT:
>           raise AttributeError(
                "%s does not have the attribute %r" % (target, name)
            )
E           AttributeError: <module 'aortica.api.predict' from 'C:\\Users\\bigwh\\OneDrive\\Documents\\GitHub\\aortica\\aortica\\api\\predict.py'> does not have the attribute 'read_ecg'

C:\Program Files\WindowsApps\PythonSoftwareFoundation.Python.3.12_3.12.2800.0_x64__qbz5n2kfra8p0\Lib\unittest\mock.py:1437: AttributeError
_______ TestPredictEndpointNoModel.test_quality_report_per_lead_fields ________

self = <tests.api.test_predict.TestPredictEndpointNoModel object at 0x00000217AE7DF2F0>

    def test_quality_report_per_lead_fields(self) -> None:
        """Each per-lead quality entry has the expected fields."""
        from aortica.io.ecg_record import ECGRecord
    
        mock_record = ECGRecord(
            signals=np.zeros((2, 500), dtype=np.float64),
            sample_rate=500.0,
            lead_names=["II", "V5"],
            duration_seconds=1.0,
            source_format="csv",
        )
    
        app = create_app()
        client = TestClient(app)
    
>       with patch("aortica.api.predict.read_ecg", return_value=mock_record):
             ^^^^^^^^^^^^^^^^^^^^^^^^^^^^^^^^^^^^^^^^^^^^^^^^^^^^^^^^^^^^^^^

tests\api\test_predict.py:334: 
_ _ _ _ _ _ _ _ _ _ _ _ _ _ _ _ _ _ _ _ _ _ _ _ _ _ _ _ _ _ _ _ _ _ _ _ _ _ _ _

self = <unittest.mock._patch object at 0x00000217AEBFD880>

    def __enter__(self):
        """Perform the patch."""
        if self.is_started:
            raise RuntimeError("Patch is already started")
    
        new, spec, spec_set = self.new, self.spec, self.spec_set
        autospec, kwargs = self.autospec, self.kwargs
        new_callable = self.new_callable
        self.target = self.getter()
    
        # normalise False to None
        if spec is False:
            spec = None
        if spec_set is False:
            spec_set = None
        if autospec is False:
            autospec = None
    
        if spec is not None and autospec is not None:
            raise TypeError("Can't specify spec and autospec")
        if ((spec is not None or autospec is not None) and
            spec_set not in (True, None)):
            raise TypeError("Can't provide explicit spec_set *and* spec or autospec")
    
>       original, local = self.get_original()
                          ^^^^^^^^^^^^^^^^^^^

C:\Program Files\WindowsApps\PythonSoftwareFoundation.Python.3.12_3.12.2800.0_x64__qbz5n2kfra8p0\Lib\unittest\mock.py:1467: 
_ _ _ _ _ _ _ _ _ _ _ _ _ _ _ _ _ _ _ _ _ _ _ _ _ _ _ _ _ _ _ _ _ _ _ _ _ _ _ _

self = <unittest.mock._patch object at 0x00000217AEBFD880>

    def get_original(self):
        target = self.getter()
        name = self.attribute
    
        original = DEFAULT
        local = False
    
        try:
            original = target.__dict__[name]
        except (AttributeError, KeyError):
            original = getattr(target, name, DEFAULT)
        else:
            local = True
    
        if name in _builtins and isinstance(target, ModuleType):
            self.create = True
    
        if not self.create and original is DEFAULT:
>           raise AttributeError(
                "%s does not have the attribute %r" % (target, name)
            )
E           AttributeError: <module 'aortica.api.predict' from 'C:\\Users\\bigwh\\OneDrive\\Documents\\GitHub\\aortica\\aortica\\api\\predict.py'> does not have the attribute 'read_ecg'

C:\Program Files\WindowsApps\PythonSoftwareFoundation.Python.3.12_3.12.2800.0_x64__qbz5n2kfra8p0\Lib\unittest\mock.py:1437: AttributeError
___________ TestPredictEndpointNoModel.test_format_query_parameter ____________

self = <tests.api.test_predict.TestPredictEndpointNoModel object at 0x00000217AE7DF140>

    def test_format_query_parameter(self) -> None:
        """The format query parameter is forwarded to the pipeline."""
        from aortica.io.ecg_record import ECGRecord
    
        mock_record = ECGRecord(
            signals=np.random.default_rng(0).normal(0, 100, (2, 500)).astype(
                np.float64
            ),
            sample_rate=500.0,
            lead_names=["II", "V5"],
            duration_seconds=1.0,
            source_format="dicom",
        )
    
        app = create_app()
        client = TestClient(app)
    
>       with patch("aortica.api.predict.read_ecg", return_value=mock_record) as mock_read:
             ^^^^^^^^^^^^^^^^^^^^^^^^^^^^^^^^^^^^^^^^^^^^^^^^^^^^^^^^^^^^^^^

tests\api\test_predict.py:364: 
_ _ _ _ _ _ _ _ _ _ _ _ _ _ _ _ _ _ _ _ _ _ _ _ _ _ _ _ _ _ _ _ _ _ _ _ _ _ _ _

self = <unittest.mock._patch object at 0x00000217AEBFDCA0>

    def __enter__(self):
        """Perform the patch."""
        if self.is_started:
            raise RuntimeError("Patch is already started")
    
        new, spec, spec_set = self.new, self.spec, self.spec_set
        autospec, kwargs = self.autospec, self.kwargs
        new_callable = self.new_callable
        self.target = self.getter()
    
        # normalise False to None
        if spec is False:
            spec = None
        if spec_set is False:
            spec_set = None
        if autospec is False:
            autospec = None
    
        if spec is not None and autospec is not None:
            raise TypeError("Can't specify spec and autospec")
        if ((spec is not None or autospec is not None) and
            spec_set not in (True, None)):
            raise TypeError("Can't provide explicit spec_set *and* spec or autospec")
    
>       original, local = self.get_original()
                          ^^^^^^^^^^^^^^^^^^^

C:\Program Files\WindowsApps\PythonSoftwareFoundation.Python.3.12_3.12.2800.0_x64__qbz5n2kfra8p0\Lib\unittest\mock.py:1467: 
_ _ _ _ _ _ _ _ _ _ _ _ _ _ _ _ _ _ _ _ _ _ _ _ _ _ _ _ _ _ _ _ _ _ _ _ _ _ _ _

self = <unittest.mock._patch object at 0x00000217AEBFDCA0>

    def get_original(self):
        target = self.getter()
        name = self.attribute
    
        original = DEFAULT
        local = False
    
        try:
            original = target.__dict__[name]
        except (AttributeError, KeyError):
            original = getattr(target, name, DEFAULT)
        else:
            local = True
    
        if name in _builtins and isinstance(target, ModuleType):
            self.create = True
    
        if not self.create and original is DEFAULT:
>           raise AttributeError(
                "%s does not have the attribute %r" % (target, name)
            )
E           AttributeError: <module 'aortica.api.predict' from 'C:\\Users\\bigwh\\OneDrive\\Documents\\GitHub\\aortica\\aortica\\api\\predict.py'> does not have the attribute 'read_ecg'

C:\Program Files\WindowsApps\PythonSoftwareFoundation.Python.3.12_3.12.2800.0_x64__qbz5n2kfra8p0\Lib\unittest\mock.py:1437: AttributeError
_____ TestPredictEndpointNoModel.test_returns_422_for_unsupported_format ______

self = <tests.api.test_predict.TestPredictEndpointNoModel object at 0x00000217AE7DEC60>

    def test_returns_422_for_unsupported_format(self) -> None:
        """Unsupported format returns 422 with error detail."""
        from aortica.io.dispatcher import UnsupportedFormatError
    
        app = create_app()
        client = TestClient(app)
    
>       with patch(
            "aortica.api.predict.read_ecg",
            side_effect=UnsupportedFormatError("Unknown format 'xyz'"),
        ):

tests\api\test_predict.py:386: 
_ _ _ _ _ _ _ _ _ _ _ _ _ _ _ _ _ _ _ _ _ _ _ _ _ _ _ _ _ _ _ _ _ _ _ _ _ _ _ _

self = <unittest.mock._patch object at 0x00000217AEB19250>

    def __enter__(self):
        """Perform the patch."""
        if self.is_started:
            raise RuntimeError("Patch is already started")
    
        new, spec, spec_set = self.new, self.spec, self.spec_set
        autospec, kwargs = self.autospec, self.kwargs
        new_callable = self.new_callable
        self.target = self.getter()
    
        # normalise False to None
        if spec is False:
            spec = None
        if spec_set is False:
            spec_set = None
        if autospec is False:
            autospec = None
    
        if spec is not None and autospec is not None:
            raise TypeError("Can't specify spec and autospec")
        if ((spec is not None or autospec is not None) and
            spec_set not in (True, None)):
            raise TypeError("Can't provide explicit spec_set *and* spec or autospec")
    
>       original, local = self.get_original()
                          ^^^^^^^^^^^^^^^^^^^

C:\Program Files\WindowsApps\PythonSoftwareFoundation.Python.3.12_3.12.2800.0_x64__qbz5n2kfra8p0\Lib\unittest\mock.py:1467: 
_ _ _ _ _ _ _ _ _ _ _ _ _ _ _ _ _ _ _ _ _ _ _ _ _ _ _ _ _ _ _ _ _ _ _ _ _ _ _ _

self = <unittest.mock._patch object at 0x00000217AEB19250>

    def get_original(self):
        target = self.getter()
        name = self.attribute
    
        original = DEFAULT
        local = False
    
        try:
            original = target.__dict__[name]
        except (AttributeError, KeyError):
            original = getattr(target, name, DEFAULT)
        else:
            local = True
    
        if name in _builtins and isinstance(target, ModuleType):
            self.create = True
    
        if not self.create and original is DEFAULT:
>           raise AttributeError(
                "%s does not have the attribute %r" % (target, name)
            )
E           AttributeError: <module 'aortica.api.predict' from 'C:\\Users\\bigwh\\OneDrive\\Documents\\GitHub\\aortica\\aortica\\api\\predict.py'> does not have the attribute 'read_ecg'

C:\Program Files\WindowsApps\PythonSoftwareFoundation.Python.3.12_3.12.2800.0_x64__qbz5n2kfra8p0\Lib\unittest\mock.py:1437: AttributeError
_________ TestPredictEndpointNoModel.test_returns_422_for_parse_error _________

self = <tests.api.test_predict.TestPredictEndpointNoModel object at 0x00000217AE7DE7E0>

    def test_returns_422_for_parse_error(self) -> None:
        """Files that fail to parse return 422."""
        app = create_app()
        client = TestClient(app)
    
>       with patch(
            "aortica.api.predict.read_ecg",
            side_effect=ValueError("Failed to parse ECG data"),
        ):

tests\api\test_predict.py:403: 
_ _ _ _ _ _ _ _ _ _ _ _ _ _ _ _ _ _ _ _ _ _ _ _ _ _ _ _ _ _ _ _ _ _ _ _ _ _ _ _

self = <unittest.mock._patch object at 0x00000217AEBFFC50>

    def __enter__(self):
        """Perform the patch."""
        if self.is_started:
            raise RuntimeError("Patch is already started")
    
        new, spec, spec_set = self.new, self.spec, self.spec_set
        autospec, kwargs = self.autospec, self.kwargs
        new_callable = self.new_callable
        self.target = self.getter()
    
        # normalise False to None
        if spec is False:
            spec = None
        if spec_set is False:
            spec_set = None
        if autospec is False:
            autospec = None
    
        if spec is not None and autospec is not None:
            raise TypeError("Can't specify spec and autospec")
        if ((spec is not None or autospec is not None) and
            spec_set not in (True, None)):
            raise TypeError("Can't provide explicit spec_set *and* spec or autospec")
    
>       original, local = self.get_original()
                          ^^^^^^^^^^^^^^^^^^^

C:\Program Files\WindowsApps\PythonSoftwareFoundation.Python.3.12_3.12.2800.0_x64__qbz5n2kfra8p0\Lib\unittest\mock.py:1467: 
_ _ _ _ _ _ _ _ _ _ _ _ _ _ _ _ _ _ _ _ _ _ _ _ _ _ _ _ _ _ _ _ _ _ _ _ _ _ _ _

self = <unittest.mock._patch object at 0x00000217AEBFFC50>

    def get_original(self):
        target = self.getter()
        name = self.attribute
    
        original = DEFAULT
        local = False
    
        try:
            original = target.__dict__[name]
        except (AttributeError, KeyError):
            original = getattr(target, name, DEFAULT)
        else:
            local = True
    
        if name in _builtins and isinstance(target, ModuleType):
            self.create = True
    
        if not self.create and original is DEFAULT:
>           raise AttributeError(
                "%s does not have the attribute %r" % (target, name)
            )
E           AttributeError: <module 'aortica.api.predict' from 'C:\\Users\\bigwh\\OneDrive\\Documents\\GitHub\\aortica\\aortica\\api\\predict.py'> does not have the attribute 'read_ecg'

C:\Program Files\WindowsApps\PythonSoftwareFoundation.Python.3.12_3.12.2800.0_x64__qbz5n2kfra8p0\Lib\unittest\mock.py:1437: AttributeError
______________ TestPredictEndpointNoModel.test_content_type_json ______________

self = <tests.api.test_predict.TestPredictEndpointNoModel object at 0x00000217AE7DE600>

    def test_content_type_json(self) -> None:
        """Response content type is JSON."""
        from aortica.io.ecg_record import ECGRecord
    
        mock_record = ECGRecord(
            signals=np.random.default_rng(0).normal(0, 100, (2, 500)).astype(
                np.float64
            ),
            sample_rate=500.0,
            lead_names=["II", "V5"],
            duration_seconds=1.0,
            source_format="wfdb",
        )
    
        app = create_app()
        client = TestClient(app)
    
>       with patch("aortica.api.predict.read_ecg", return_value=mock_record):
             ^^^^^^^^^^^^^^^^^^^^^^^^^^^^^^^^^^^^^^^^^^^^^^^^^^^^^^^^^^^^^^^

tests\api\test_predict.py:432: 
_ _ _ _ _ _ _ _ _ _ _ _ _ _ _ _ _ _ _ _ _ _ _ _ _ _ _ _ _ _ _ _ _ _ _ _ _ _ _ _

self = <unittest.mock._patch object at 0x00000217AE923410>

    def __enter__(self):
        """Perform the patch."""
        if self.is_started:
            raise RuntimeError("Patch is already started")
    
        new, spec, spec_set = self.new, self.spec, self.spec_set
        autospec, kwargs = self.autospec, self.kwargs
        new_callable = self.new_callable
        self.target = self.getter()
    
        # normalise False to None
        if spec is False:
            spec = None
        if spec_set is False:
            spec_set = None
        if autospec is False:
            autospec = None
    
        if spec is not None and autospec is not None:
            raise TypeError("Can't specify spec and autospec")
        if ((spec is not None or autospec is not None) and
            spec_set not in (True, None)):
            raise TypeError("Can't provide explicit spec_set *and* spec or autospec")
    
>       original, local = self.get_original()
                          ^^^^^^^^^^^^^^^^^^^

C:\Program Files\WindowsApps\PythonSoftwareFoundation.Python.3.12_3.12.2800.0_x64__qbz5n2kfra8p0\Lib\unittest\mock.py:1467: 
_ _ _ _ _ _ _ _ _ _ _ _ _ _ _ _ _ _ _ _ _ _ _ _ _ _ _ _ _ _ _ _ _ _ _ _ _ _ _ _

self = <unittest.mock._patch object at 0x00000217AE923410>

    def get_original(self):
        target = self.getter()
        name = self.attribute
    
        original = DEFAULT
        local = False
    
        try:
            original = target.__dict__[name]
        except (AttributeError, KeyError):
            original = getattr(target, name, DEFAULT)
        else:
            local = True
    
        if name in _builtins and isinstance(target, ModuleType):
            self.create = True
    
        if not self.create and original is DEFAULT:
>           raise AttributeError(
                "%s does not have the attribute %r" % (target, name)
            )
E           AttributeError: <module 'aortica.api.predict' from 'C:\\Users\\bigwh\\OneDrive\\Documents\\GitHub\\aortica\\aortica\\api\\predict.py'> does not have the attribute 'read_ecg'

C:\Program Files\WindowsApps\PythonSoftwareFoundation.Python.3.12_3.12.2800.0_x64__qbz5n2kfra8p0\Lib\unittest\mock.py:1437: AttributeError
________ TestPredictEndpointNoModel.test_no_predictions_without_model _________

self = <tests.api.test_predict.TestPredictEndpointNoModel object at 0x00000217AE7DE060>

    def test_no_predictions_without_model(self) -> None:
        """When no model is loaded, predictions list is empty."""
        from aortica.io.ecg_record import ECGRecord
    
        mock_record = ECGRecord(
            signals=np.random.default_rng(0).normal(0, 100, (2, 500)).astype(
                np.float64
            ),
            sample_rate=500.0,
            lead_names=["II", "V5"],
            duration_seconds=1.0,
            source_format="wfdb",
        )
    
        app = create_app()
        client = TestClient(app)
    
>       with patch("aortica.api.predict.read_ecg", return_value=mock_record):
             ^^^^^^^^^^^^^^^^^^^^^^^^^^^^^^^^^^^^^^^^^^^^^^^^^^^^^^^^^^^^^^^

tests\api\test_predict.py:457: 
_ _ _ _ _ _ _ _ _ _ _ _ _ _ _ _ _ _ _ _ _ _ _ _ _ _ _ _ _ _ _ _ _ _ _ _ _ _ _ _

self = <unittest.mock._patch object at 0x00000217AE921F70>

    def __enter__(self):
        """Perform the patch."""
        if self.is_started:
            raise RuntimeError("Patch is already started")
    
        new, spec, spec_set = self.new, self.spec, self.spec_set
        autospec, kwargs = self.autospec, self.kwargs
        new_callable = self.new_callable
        self.target = self.getter()
    
        # normalise False to None
        if spec is False:
            spec = None
        if spec_set is False:
            spec_set = None
        if autospec is False:
            autospec = None
    
        if spec is not None and autospec is not None:
            raise TypeError("Can't specify spec and autospec")
        if ((spec is not None or autospec is not None) and
            spec_set not in (True, None)):
            raise TypeError("Can't provide explicit spec_set *and* spec or autospec")
    
>       original, local = self.get_original()
                          ^^^^^^^^^^^^^^^^^^^

C:\Program Files\WindowsApps\PythonSoftwareFoundation.Python.3.12_3.12.2800.0_x64__qbz5n2kfra8p0\Lib\unittest\mock.py:1467: 
_ _ _ _ _ _ _ _ _ _ _ _ _ _ _ _ _ _ _ _ _ _ _ _ _ _ _ _ _ _ _ _ _ _ _ _ _ _ _ _

self = <unittest.mock._patch object at 0x00000217AE921F70>

    def get_original(self):
        target = self.getter()
        name = self.attribute
    
        original = DEFAULT
        local = False
    
        try:
            original = target.__dict__[name]
        except (AttributeError, KeyError):
            original = getattr(target, name, DEFAULT)
        else:
            local = True
    
        if name in _builtins and isinstance(target, ModuleType):
            self.create = True
    
        if not self.create and original is DEFAULT:
>           raise AttributeError(
                "%s does not have the attribute %r" % (target, name)
            )
E           AttributeError: <module 'aortica.api.predict' from 'C:\\Users\\bigwh\\OneDrive\\Documents\\GitHub\\aortica\\aortica\\api\\predict.py'> does not have the attribute 'read_ecg'

C:\Program Files\WindowsApps\PythonSoftwareFoundation.Python.3.12_3.12.2800.0_x64__qbz5n2kfra8p0\Lib\unittest\mock.py:1437: AttributeError
_______ TestPredictEndpointNoModel.test_response_matches_pydantic_model _______

self = <tests.api.test_predict.TestPredictEndpointNoModel object at 0x00000217AE7DC470>

    def test_response_matches_pydantic_model(self) -> None:
        """Response conforms to PredictResponse schema."""
        from aortica.io.ecg_record import ECGRecord
    
        mock_record = ECGRecord(
            signals=np.random.default_rng(0).normal(0, 100, (2, 500)).astype(
                np.float64
            ),
            sample_rate=500.0,
            lead_names=["II", "V5"],
            duration_seconds=1.0,
            source_format="wfdb",
        )
    
        app = create_app()
        client = TestClient(app)
    
>       with patch("aortica.api.predict.read_ecg", return_value=mock_record):
             ^^^^^^^^^^^^^^^^^^^^^^^^^^^^^^^^^^^^^^^^^^^^^^^^^^^^^^^^^^^^^^^

tests\api\test_predict.py:484: 
_ _ _ _ _ _ _ _ _ _ _ _ _ _ _ _ _ _ _ _ _ _ _ _ _ _ _ _ _ _ _ _ _ _ _ _ _ _ _ _

self = <unittest.mock._patch object at 0x00000217AEBEFD40>

    def __enter__(self):
        """Perform the patch."""
        if self.is_started:
            raise RuntimeError("Patch is already started")
    
        new, spec, spec_set = self.new, self.spec, self.spec_set
        autospec, kwargs = self.autospec, self.kwargs
        new_callable = self.new_callable
        self.target = self.getter()
    
        # normalise False to None
        if spec is False:
            spec = None
        if spec_set is False:
            spec_set = None
        if autospec is False:
            autospec = None
    
        if spec is not None and autospec is not None:
            raise TypeError("Can't specify spec and autospec")
        if ((spec is not None or autospec is not None) and
            spec_set not in (True, None)):
            raise TypeError("Can't provide explicit spec_set *and* spec or autospec")
    
>       original, local = self.get_original()
                          ^^^^^^^^^^^^^^^^^^^

C:\Program Files\WindowsApps\PythonSoftwareFoundation.Python.3.12_3.12.2800.0_x64__qbz5n2kfra8p0\Lib\unittest\mock.py:1467: 
_ _ _ _ _ _ _ _ _ _ _ _ _ _ _ _ _ _ _ _ _ _ _ _ _ _ _ _ _ _ _ _ _ _ _ _ _ _ _ _

self = <unittest.mock._patch object at 0x00000217AEBEFD40>

    def get_original(self):
        target = self.getter()
        name = self.attribute
    
        original = DEFAULT
        local = False
    
        try:
            original = target.__dict__[name]
        except (AttributeError, KeyError):
            original = getattr(target, name, DEFAULT)
        else:
            local = True
    
        if name in _builtins and isinstance(target, ModuleType):
            self.create = True
    
        if not self.create and original is DEFAULT:
>           raise AttributeError(
                "%s does not have the attribute %r" % (target, name)
            )
E           AttributeError: <module 'aortica.api.predict' from 'C:\\Users\\bigwh\\OneDrive\\Documents\\GitHub\\aortica\\aortica\\api\\predict.py'> does not have the attribute 'read_ecg'

C:\Program Files\WindowsApps\PythonSoftwareFoundation.Python.3.12_3.12.2800.0_x64__qbz5n2kfra8p0\Lib\unittest\mock.py:1437: AttributeError
______ TestPredictEndpointWithModel.test_returns_predictions_with_model _______

self = <tests.api.test_predict.TestPredictEndpointWithModel object at 0x00000217AE7DD7F0>

    def test_returns_predictions_with_model(self) -> None:
        """When a model is loaded, predictions are populated."""
        torch = pytest.importorskip("torch")
        from aortica.io.ecg_record import ECGRecord
    
        mock_record = ECGRecord(
            signals=np.random.default_rng(0).normal(0, 100, (12, 5000)).astype(
                np.float64
            ),
            sample_rate=500.0,
            lead_names=["I", "II", "III", "aVR", "aVL", "aVF",
                         "V1", "V2", "V3", "V4", "V5", "V6"],
            duration_seconds=10.0,
            source_format="wfdb",
        )
    
        mock_model = self._make_mock_model()
        app = create_app(model=mock_model, model_loaded=True)
        client = TestClient(app)
    
>       with patch("aortica.api.predict.read_ecg", return_value=mock_record):
             ^^^^^^^^^^^^^^^^^^^^^^^^^^^^^^^^^^^^^^^^^^^^^^^^^^^^^^^^^^^^^^^

tests\api\test_predict.py:550: 
_ _ _ _ _ _ _ _ _ _ _ _ _ _ _ _ _ _ _ _ _ _ _ _ _ _ _ _ _ _ _ _ _ _ _ _ _ _ _ _

self = <unittest.mock._patch object at 0x00000217B63BC110>

    def __enter__(self):
        """Perform the patch."""
        if self.is_started:
            raise RuntimeError("Patch is already started")
    
        new, spec, spec_set = self.new, self.spec, self.spec_set
        autospec, kwargs = self.autospec, self.kwargs
        new_callable = self.new_callable
        self.target = self.getter()
    
        # normalise False to None
        if spec is False:
            spec = None
        if spec_set is False:
            spec_set = None
        if autospec is False:
            autospec = None
    
        if spec is not None and autospec is not None:
            raise TypeError("Can't specify spec and autospec")
        if ((spec is not None or autospec is not None) and
            spec_set not in (True, None)):
            raise TypeError("Can't provide explicit spec_set *and* spec or autospec")
    
>       original, local = self.get_original()
                          ^^^^^^^^^^^^^^^^^^^

C:\Program Files\WindowsApps\PythonSoftwareFoundation.Python.3.12_3.12.2800.0_x64__qbz5n2kfra8p0\Lib\unittest\mock.py:1467: 
_ _ _ _ _ _ _ _ _ _ _ _ _ _ _ _ _ _ _ _ _ _ _ _ _ _ _ _ _ _ _ _ _ _ _ _ _ _ _ _

self = <unittest.mock._patch object at 0x00000217B63BC110>

    def get_original(self):
        target = self.getter()
        name = self.attribute
    
        original = DEFAULT
        local = False
    
        try:
            original = target.__dict__[name]
        except (AttributeError, KeyError):
            original = getattr(target, name, DEFAULT)
        else:
            local = True
    
        if name in _builtins and isinstance(target, ModuleType):
            self.create = True
    
        if not self.create and original is DEFAULT:
>           raise AttributeError(
                "%s does not have the attribute %r" % (target, name)
            )
E           AttributeError: <module 'aortica.api.predict' from 'C:\\Users\\bigwh\\OneDrive\\Documents\\GitHub\\aortica\\aortica\\api\\predict.py'> does not have the attribute 'read_ecg'

C:\Program Files\WindowsApps\PythonSoftwareFoundation.Python.3.12_3.12.2800.0_x64__qbz5n2kfra8p0\Lib\unittest\mock.py:1437: AttributeError
_______ TestPredictEndpointWithModel.test_predictions_have_class_names ________

self = <tests.api.test_predict.TestPredictEndpointWithModel object at 0x00000217AE7DF5F0>

    def test_predictions_have_class_names(self) -> None:
        """Predictions include human-readable class names."""
        torch = pytest.importorskip("torch")
        from aortica.io.ecg_record import ECGRecord
    
        mock_record = ECGRecord(
            signals=np.random.default_rng(0).normal(0, 100, (12, 5000)).astype(
                np.float64
            ),
            sample_rate=500.0,
            lead_names=["I", "II", "III", "aVR", "aVL", "aVF",
                         "V1", "V2", "V3", "V4", "V5", "V6"],
            duration_seconds=10.0,
            source_format="wfdb",
        )
    
        mock_model = self._make_mock_model(enabled_tasks=["rhythm"])
        app = create_app(
            model=mock_model,
            model_loaded=True,
            enabled_tasks=["rhythm"],
        )
        client = TestClient(app)
    
>       with patch("aortica.api.predict.read_ecg", return_value=mock_record):
             ^^^^^^^^^^^^^^^^^^^^^^^^^^^^^^^^^^^^^^^^^^^^^^^^^^^^^^^^^^^^^^^

tests\api\test_predict.py:586: 
_ _ _ _ _ _ _ _ _ _ _ _ _ _ _ _ _ _ _ _ _ _ _ _ _ _ _ _ _ _ _ _ _ _ _ _ _ _ _ _

self = <unittest.mock._patch object at 0x00000217B63F4D70>

    def __enter__(self):
        """Perform the patch."""
        if self.is_started:
            raise RuntimeError("Patch is already started")
    
        new, spec, spec_set = self.new, self.spec, self.spec_set
        autospec, kwargs = self.autospec, self.kwargs
        new_callable = self.new_callable
        self.target = self.getter()
    
        # normalise False to None
        if spec is False:
            spec = None
        if spec_set is False:
            spec_set = None
        if autospec is False:
            autospec = None
    
        if spec is not None and autospec is not None:
            raise TypeError("Can't specify spec and autospec")
        if ((spec is not None or autospec is not None) and
            spec_set not in (True, None)):
            raise TypeError("Can't provide explicit spec_set *and* spec or autospec")
    
>       original, local = self.get_original()
                          ^^^^^^^^^^^^^^^^^^^

C:\Program Files\WindowsApps\PythonSoftwareFoundation.Python.3.12_3.12.2800.0_x64__qbz5n2kfra8p0\Lib\unittest\mock.py:1467: 
_ _ _ _ _ _ _ _ _ _ _ _ _ _ _ _ _ _ _ _ _ _ _ _ _ _ _ _ _ _ _ _ _ _ _ _ _ _ _ _

self = <unittest.mock._patch object at 0x00000217B63F4D70>

    def get_original(self):
        target = self.getter()
        name = self.attribute
    
        original = DEFAULT
        local = False
    
        try:
            original = target.__dict__[name]
        except (AttributeError, KeyError):
            original = getattr(target, name, DEFAULT)
        else:
            local = True
    
        if name in _builtins and isinstance(target, ModuleType):
            self.create = True
    
        if not self.create and original is DEFAULT:
>           raise AttributeError(
                "%s does not have the attribute %r" % (target, name)
            )
E           AttributeError: <module 'aortica.api.predict' from 'C:\\Users\\bigwh\\OneDrive\\Documents\\GitHub\\aortica\\aortica\\api\\predict.py'> does not have the attribute 'read_ecg'

C:\Program Files\WindowsApps\PythonSoftwareFoundation.Python.3.12_3.12.2800.0_x64__qbz5n2kfra8p0\Lib\unittest\mock.py:1437: AttributeError
_______ TestPredictEndpointWithModel.test_prediction_probability_ranges _______

self = <tests.api.test_predict.TestPredictEndpointWithModel object at 0x00000217AE7DF8C0>

    def test_prediction_probability_ranges(self) -> None:
        """All prediction probabilities are in [0, 1]."""
        torch = pytest.importorskip("torch")
        from aortica.io.ecg_record import ECGRecord
    
        mock_record = ECGRecord(
            signals=np.random.default_rng(0).normal(0, 100, (12, 5000)).astype(
                np.float64
            ),
            sample_rate=500.0,
            lead_names=["I", "II", "III", "aVR", "aVL", "aVF",
                         "V1", "V2", "V3", "V4", "V5", "V6"],
            duration_seconds=10.0,
            source_format="wfdb",
        )
    
        mock_model = self._make_mock_model()
        app = create_app(model=mock_model, model_loaded=True)
        client = TestClient(app)
    
>       with patch("aortica.api.predict.read_ecg", return_value=mock_record):
             ^^^^^^^^^^^^^^^^^^^^^^^^^^^^^^^^^^^^^^^^^^^^^^^^^^^^^^^^^^^^^^^

tests\api\test_predict.py:622: 
_ _ _ _ _ _ _ _ _ _ _ _ _ _ _ _ _ _ _ _ _ _ _ _ _ _ _ _ _ _ _ _ _ _ _ _ _ _ _ _

self = <unittest.mock._patch object at 0x00000217B63DE2A0>

    def __enter__(self):
        """Perform the patch."""
        if self.is_started:
            raise RuntimeError("Patch is already started")
    
        new, spec, spec_set = self.new, self.spec, self.spec_set
        autospec, kwargs = self.autospec, self.kwargs
        new_callable = self.new_callable
        self.target = self.getter()
    
        # normalise False to None
        if spec is False:
            spec = None
        if spec_set is False:
            spec_set = None
        if autospec is False:
            autospec = None
    
        if spec is not None and autospec is not None:
            raise TypeError("Can't specify spec and autospec")
        if ((spec is not None or autospec is not None) and
            spec_set not in (True, None)):
            raise TypeError("Can't provide explicit spec_set *and* spec or autospec")
    
>       original, local = self.get_original()
                          ^^^^^^^^^^^^^^^^^^^

C:\Program Files\WindowsApps\PythonSoftwareFoundation.Python.3.12_3.12.2800.0_x64__qbz5n2kfra8p0\Lib\unittest\mock.py:1467: 
_ _ _ _ _ _ _ _ _ _ _ _ _ _ _ _ _ _ _ _ _ _ _ _ _ _ _ _ _ _ _ _ _ _ _ _ _ _ _ _

self = <unittest.mock._patch object at 0x00000217B63DE2A0>

    def get_original(self):
        target = self.getter()
        name = self.attribute
    
        original = DEFAULT
        local = False
    
        try:
            original = target.__dict__[name]
        except (AttributeError, KeyError):
            original = getattr(target, name, DEFAULT)
        else:
            local = True
    
        if name in _builtins and isinstance(target, ModuleType):
            self.create = True
    
        if not self.create and original is DEFAULT:
>           raise AttributeError(
                "%s does not have the attribute %r" % (target, name)
            )
E           AttributeError: <module 'aortica.api.predict' from 'C:\\Users\\bigwh\\OneDrive\\Documents\\GitHub\\aortica\\aortica\\api\\predict.py'> does not have the attribute 'read_ecg'

C:\Program Files\WindowsApps\PythonSoftwareFoundation.Python.3.12_3.12.2800.0_x64__qbz5n2kfra8p0\Lib\unittest\mock.py:1437: AttributeError
___________ TestRunInferencePipeline.test_returns_predict_response ____________

self = <tests.api.test_predict.TestRunInferencePipeline object at 0x00000217AE7DFB90>

    def test_returns_predict_response(self) -> None:
        """Pipeline returns a PredictResponse object."""
        from aortica.io.ecg_record import ECGRecord
    
        mock_record = ECGRecord(
            signals=np.random.default_rng(0).normal(0, 100, (2, 500)).astype(
                np.float64
            ),
            sample_rate=500.0,
            lead_names=["II", "V5"],
            duration_seconds=1.0,
            source_format="wfdb",
        )
    
>       with patch("aortica.api.predict.read_ecg", return_value=mock_record):
             ^^^^^^^^^^^^^^^^^^^^^^^^^^^^^^^^^^^^^^^^^^^^^^^^^^^^^^^^^^^^^^^

tests\api\test_predict.py:656: 
_ _ _ _ _ _ _ _ _ _ _ _ _ _ _ _ _ _ _ _ _ _ _ _ _ _ _ _ _ _ _ _ _ _ _ _ _ _ _ _

self = <unittest.mock._patch object at 0x00000217B63DFE30>

    def __enter__(self):
        """Perform the patch."""
        if self.is_started:
            raise RuntimeError("Patch is already started")
    
        new, spec, spec_set = self.new, self.spec, self.spec_set
        autospec, kwargs = self.autospec, self.kwargs
        new_callable = self.new_callable
        self.target = self.getter()
    
        # normalise False to None
        if spec is False:
            spec = None
        if spec_set is False:
            spec_set = None
        if autospec is False:
            autospec = None
    
        if spec is not None and autospec is not None:
            raise TypeError("Can't specify spec and autospec")
        if ((spec is not None or autospec is not None) and
            spec_set not in (True, None)):
            raise TypeError("Can't provide explicit spec_set *and* spec or autospec")
    
>       original, local = self.get_original()
                          ^^^^^^^^^^^^^^^^^^^

C:\Program Files\WindowsApps\PythonSoftwareFoundation.Python.3.12_3.12.2800.0_x64__qbz5n2kfra8p0\Lib\unittest\mock.py:1467: 
_ _ _ _ _ _ _ _ _ _ _ _ _ _ _ _ _ _ _ _ _ _ _ _ _ _ _ _ _ _ _ _ _ _ _ _ _ _ _ _

self = <unittest.mock._patch object at 0x00000217B63DFE30>

    def get_original(self):
        target = self.getter()
        name = self.attribute
    
        original = DEFAULT
        local = False
    
        try:
            original = target.__dict__[name]
        except (AttributeError, KeyError):
            original = getattr(target, name, DEFAULT)
        else:
            local = True
    
        if name in _builtins and isinstance(target, ModuleType):
            self.create = True
    
        if not self.create and original is DEFAULT:
>           raise AttributeError(
                "%s does not have the attribute %r" % (target, name)
            )
E           AttributeError: <module 'aortica.api.predict' from 'C:\\Users\\bigwh\\OneDrive\\Documents\\GitHub\\aortica\\aortica\\api\\predict.py'> does not have the attribute 'read_ecg'

C:\Program Files\WindowsApps\PythonSoftwareFoundation.Python.3.12_3.12.2800.0_x64__qbz5n2kfra8p0\Lib\unittest\mock.py:1437: AttributeError
___________ TestRunInferencePipeline.test_quality_report_populated ____________

self = <tests.api.test_predict.TestRunInferencePipeline object at 0x00000217AE7DFE60>

    def test_quality_report_populated(self) -> None:
        """Quality report is always populated."""
        from aortica.io.ecg_record import ECGRecord
    
        mock_record = ECGRecord(
            signals=np.random.default_rng(0).normal(0, 100, (2, 500)).astype(
                np.float64
            ),
            sample_rate=500.0,
            lead_names=["II", "V5"],
            duration_seconds=1.0,
            source_format="wfdb",
        )
    
>       with patch("aortica.api.predict.read_ecg", return_value=mock_record):
             ^^^^^^^^^^^^^^^^^^^^^^^^^^^^^^^^^^^^^^^^^^^^^^^^^^^^^^^^^^^^^^^

tests\api\test_predict.py:678: 
_ _ _ _ _ _ _ _ _ _ _ _ _ _ _ _ _ _ _ _ _ _ _ _ _ _ _ _ _ _ _ _ _ _ _ _ _ _ _ _

self = <unittest.mock._patch object at 0x00000217B63DD850>

    def __enter__(self):
        """Perform the patch."""
        if self.is_started:
            raise RuntimeError("Patch is already started")
    
        new, spec, spec_set = self.new, self.spec, self.spec_set
        autospec, kwargs = self.autospec, self.kwargs
        new_callable = self.new_callable
        self.target = self.getter()
    
        # normalise False to None
        if spec is False:
            spec = None
        if spec_set is False:
            spec_set = None
        if autospec is False:
            autospec = None
    
        if spec is not None and autospec is not None:
            raise TypeError("Can't specify spec and autospec")
        if ((spec is not None or autospec is not None) and
            spec_set not in (True, None)):
            raise TypeError("Can't provide explicit spec_set *and* spec or autospec")
    
>       original, local = self.get_original()
                          ^^^^^^^^^^^^^^^^^^^

C:\Program Files\WindowsApps\PythonSoftwareFoundation.Python.3.12_3.12.2800.0_x64__qbz5n2kfra8p0\Lib\unittest\mock.py:1467: 
_ _ _ _ _ _ _ _ _ _ _ _ _ _ _ _ _ _ _ _ _ _ _ _ _ _ _ _ _ _ _ _ _ _ _ _ _ _ _ _

self = <unittest.mock._patch object at 0x00000217B63DD850>

    def get_original(self):
        target = self.getter()
        name = self.attribute
    
        original = DEFAULT
        local = False
    
        try:
            original = target.__dict__[name]
        except (AttributeError, KeyError):
            original = getattr(target, name, DEFAULT)
        else:
            local = True
    
        if name in _builtins and isinstance(target, ModuleType):
            self.create = True
    
        if not self.create and original is DEFAULT:
>           raise AttributeError(
                "%s does not have the attribute %r" % (target, name)
            )
E           AttributeError: <module 'aortica.api.predict' from 'C:\\Users\\bigwh\\OneDrive\\Documents\\GitHub\\aortica\\aortica\\api\\predict.py'> does not have the attribute 'read_ecg'

C:\Program Files\WindowsApps\PythonSoftwareFoundation.Python.3.12_3.12.2800.0_x64__qbz5n2kfra8p0\Lib\unittest\mock.py:1437: AttributeError
__________ TestRunInferencePipeline.test_no_model_empty_predictions ___________

self = <tests.api.test_predict.TestRunInferencePipeline object at 0x00000217AE810170>

    def test_no_model_empty_predictions(self) -> None:
        """Without a model, predictions list is empty."""
        from aortica.io.ecg_record import ECGRecord
    
        mock_record = ECGRecord(
            signals=np.random.default_rng(0).normal(0, 100, (2, 500)).astype(
                np.float64
            ),
            sample_rate=500.0,
            lead_names=["II", "V5"],
            duration_seconds=1.0,
            source_format="wfdb",
        )
    
>       with patch("aortica.api.predict.read_ecg", return_value=mock_record):
             ^^^^^^^^^^^^^^^^^^^^^^^^^^^^^^^^^^^^^^^^^^^^^^^^^^^^^^^^^^^^^^^

tests\api\test_predict.py:702: 
_ _ _ _ _ _ _ _ _ _ _ _ _ _ _ _ _ _ _ _ _ _ _ _ _ _ _ _ _ _ _ _ _ _ _ _ _ _ _ _

self = <unittest.mock._patch object at 0x00000217B63DCB00>

    def __enter__(self):
        """Perform the patch."""
        if self.is_started:
            raise RuntimeError("Patch is already started")
    
        new, spec, spec_set = self.new, self.spec, self.spec_set
        autospec, kwargs = self.autospec, self.kwargs
        new_callable = self.new_callable
        self.target = self.getter()
    
        # normalise False to None
        if spec is False:
            spec = None
        if spec_set is False:
            spec_set = None
        if autospec is False:
            autospec = None
    
        if spec is not None and autospec is not None:
            raise TypeError("Can't specify spec and autospec")
        if ((spec is not None or autospec is not None) and
            spec_set not in (True, None)):
            raise TypeError("Can't provide explicit spec_set *and* spec or autospec")
    
>       original, local = self.get_original()
                          ^^^^^^^^^^^^^^^^^^^

C:\Program Files\WindowsApps\PythonSoftwareFoundation.Python.3.12_3.12.2800.0_x64__qbz5n2kfra8p0\Lib\unittest\mock.py:1467: 
_ _ _ _ _ _ _ _ _ _ _ _ _ _ _ _ _ _ _ _ _ _ _ _ _ _ _ _ _ _ _ _ _ _ _ _ _ _ _ _

self = <unittest.mock._patch object at 0x00000217B63DCB00>

    def get_original(self):
        target = self.getter()
        name = self.attribute
    
        original = DEFAULT
        local = False
    
        try:
            original = target.__dict__[name]
        except (AttributeError, KeyError):
            original = getattr(target, name, DEFAULT)
        else:
            local = True
    
        if name in _builtins and isinstance(target, ModuleType):
            self.create = True
    
        if not self.create and original is DEFAULT:
>           raise AttributeError(
                "%s does not have the attribute %r" % (target, name)
            )
E           AttributeError: <module 'aortica.api.predict' from 'C:\\Users\\bigwh\\OneDrive\\Documents\\GitHub\\aortica\\aortica\\api\\predict.py'> does not have the attribute 'read_ecg'

C:\Program Files\WindowsApps\PythonSoftwareFoundation.Python.3.12_3.12.2800.0_x64__qbz5n2kfra8p0\Lib\unittest\mock.py:1437: AttributeError
____________ TestRunInferencePipeline.test_format_override_passed _____________

self = <tests.api.test_predict.TestRunInferencePipeline object at 0x00000217AE810440>

    def test_format_override_passed(self) -> None:
        """Format override is forwarded to read_ecg."""
        from aortica.io.ecg_record import ECGRecord
    
        mock_record = ECGRecord(
            signals=np.random.default_rng(0).normal(0, 100, (2, 500)).astype(
                np.float64
            ),
            sample_rate=500.0,
            lead_names=["II", "V5"],
            duration_seconds=1.0,
            source_format="dicom",
        )
    
>       with patch("aortica.api.predict.read_ecg", return_value=mock_record) as mock_fn:
             ^^^^^^^^^^^^^^^^^^^^^^^^^^^^^^^^^^^^^^^^^^^^^^^^^^^^^^^^^^^^^^^

tests\api\test_predict.py:726: 
_ _ _ _ _ _ _ _ _ _ _ _ _ _ _ _ _ _ _ _ _ _ _ _ _ _ _ _ _ _ _ _ _ _ _ _ _ _ _ _

self = <unittest.mock._patch object at 0x00000217B63DC260>

    def __enter__(self):
        """Perform the patch."""
        if self.is_started:
            raise RuntimeError("Patch is already started")
    
        new, spec, spec_set = self.new, self.spec, self.spec_set
        autospec, kwargs = self.autospec, self.kwargs
        new_callable = self.new_callable
        self.target = self.getter()
    
        # normalise False to None
        if spec is False:
            spec = None
        if spec_set is False:
            spec_set = None
        if autospec is False:
            autospec = None
    
        if spec is not None and autospec is not None:
            raise TypeError("Can't specify spec and autospec")
        if ((spec is not None or autospec is not None) and
            spec_set not in (True, None)):
            raise TypeError("Can't provide explicit spec_set *and* spec or autospec")
    
>       original, local = self.get_original()
                          ^^^^^^^^^^^^^^^^^^^

C:\Program Files\WindowsApps\PythonSoftwareFoundation.Python.3.12_3.12.2800.0_x64__qbz5n2kfra8p0\Lib\unittest\mock.py:1467: 
_ _ _ _ _ _ _ _ _ _ _ _ _ _ _ _ _ _ _ _ _ _ _ _ _ _ _ _ _ _ _ _ _ _ _ _ _ _ _ _

self = <unittest.mock._patch object at 0x00000217B63DC260>

    def get_original(self):
        target = self.getter()
        name = self.attribute
    
        original = DEFAULT
        local = False
    
        try:
            original = target.__dict__[name]
        except (AttributeError, KeyError):
            original = getattr(target, name, DEFAULT)
        else:
            local = True
    
        if name in _builtins and isinstance(target, ModuleType):
            self.create = True
    
        if not self.create and original is DEFAULT:
>           raise AttributeError(
                "%s does not have the attribute %r" % (target, name)
            )
E           AttributeError: <module 'aortica.api.predict' from 'C:\\Users\\bigwh\\OneDrive\\Documents\\GitHub\\aortica\\aortica\\api\\predict.py'> does not have the attribute 'read_ecg'

C:\Program Files\WindowsApps\PythonSoftwareFoundation.Python.3.12_3.12.2800.0_x64__qbz5n2kfra8p0\Lib\unittest\mock.py:1437: AttributeError
___________ TestRunInferencePipeline.test_unsupported_format_raises ___________

self = <tests.api.test_predict.TestRunInferencePipeline object at 0x00000217AE810710>

    def test_unsupported_format_raises(self) -> None:
        """UnsupportedFormatError propagates from read_ecg."""
        from aortica.io.dispatcher import UnsupportedFormatError
    
>       with patch(
            "aortica.api.predict.read_ecg",
            side_effect=UnsupportedFormatError("nope"),
        ):

tests\api\test_predict.py:741: 
_ _ _ _ _ _ _ _ _ _ _ _ _ _ _ _ _ _ _ _ _ _ _ _ _ _ _ _ _ _ _ _ _ _ _ _ _ _ _ _

self = <unittest.mock._patch object at 0x00000217B63DF8F0>

    def __enter__(self):
        """Perform the patch."""
        if self.is_started:
            raise RuntimeError("Patch is already started")
    
        new, spec, spec_set = self.new, self.spec, self.spec_set
        autospec, kwargs = self.autospec, self.kwargs
        new_callable = self.new_callable
        self.target = self.getter()
    
        # normalise False to None
        if spec is False:
            spec = None
        if spec_set is False:
            spec_set = None
        if autospec is False:
            autospec = None
    
        if spec is not None and autospec is not None:
            raise TypeError("Can't specify spec and autospec")
        if ((spec is not None or autospec is not None) and
            spec_set not in (True, None)):
            raise TypeError("Can't provide explicit spec_set *and* spec or autospec")
    
>       original, local = self.get_original()
                          ^^^^^^^^^^^^^^^^^^^

C:\Program Files\WindowsApps\PythonSoftwareFoundation.Python.3.12_3.12.2800.0_x64__qbz5n2kfra8p0\Lib\unittest\mock.py:1467: 
_ _ _ _ _ _ _ _ _ _ _ _ _ _ _ _ _ _ _ _ _ _ _ _ _ _ _ _ _ _ _ _ _ _ _ _ _ _ _ _

self = <unittest.mock._patch object at 0x00000217B63DF8F0>

    def get_original(self):
        target = self.getter()
        name = self.attribute
    
        original = DEFAULT
        local = False
    
        try:
            original = target.__dict__[name]
        except (AttributeError, KeyError):
            original = getattr(target, name, DEFAULT)
        else:
            local = True
    
        if name in _builtins and isinstance(target, ModuleType):
            self.create = True
    
        if not self.create and original is DEFAULT:
>           raise AttributeError(
                "%s does not have the attribute %r" % (target, name)
            )
E           AttributeError: <module 'aortica.api.predict' from 'C:\\Users\\bigwh\\OneDrive\\Documents\\GitHub\\aortica\\aortica\\api\\predict.py'> does not have the attribute 'read_ecg'

C:\Program Files\WindowsApps\PythonSoftwareFoundation.Python.3.12_3.12.2800.0_x64__qbz5n2kfra8p0\Lib\unittest\mock.py:1437: AttributeError
_______________ TestRunInferencePipeline.test_denoise_is_called _______________

self = <tests.api.test_predict.TestRunInferencePipeline object at 0x00000217AE8109E0>

    def test_denoise_is_called(self) -> None:
        """The denoise step is invoked during the pipeline."""
        from aortica.io.ecg_record import ECGRecord
    
        mock_record = ECGRecord(
            signals=np.random.default_rng(0).normal(0, 100, (2, 500)).astype(
                np.float64
            ),
            sample_rate=500.0,
            lead_names=["II", "V5"],
            duration_seconds=1.0,
            source_format="wfdb",
        )
    
>       with patch("aortica.api.predict.read_ecg", return_value=mock_record), \
             ^^^^^^^^^^^^^^^^^^^^^^^^^^^^^^^^^^^^^^^^^^^^^^^^^^^^^^^^^^^^^^^
             patch("aortica.api.predict.denoise", return_value=mock_record) as mock_dn:

tests\api\test_predict.py:765: 
_ _ _ _ _ _ _ _ _ _ _ _ _ _ _ _ _ _ _ _ _ _ _ _ _ _ _ _ _ _ _ _ _ _ _ _ _ _ _ _

self = <unittest.mock._patch object at 0x00000217B63DC560>

    def __enter__(self):
        """Perform the patch."""
        if self.is_started:
            raise RuntimeError("Patch is already started")
    
        new, spec, spec_set = self.new, self.spec, self.spec_set
        autospec, kwargs = self.autospec, self.kwargs
        new_callable = self.new_callable
        self.target = self.getter()
    
        # normalise False to None
        if spec is False:
            spec = None
        if spec_set is False:
            spec_set = None
        if autospec is False:
            autospec = None
    
        if spec is not None and autospec is not None:
            raise TypeError("Can't specify spec and autospec")
        if ((spec is not None or autospec is not None) and
            spec_set not in (True, None)):
            raise TypeError("Can't provide explicit spec_set *and* spec or autospec")
    
>       original, local = self.get_original()
                          ^^^^^^^^^^^^^^^^^^^

C:\Program Files\WindowsApps\PythonSoftwareFoundation.Python.3.12_3.12.2800.0_x64__qbz5n2kfra8p0\Lib\unittest\mock.py:1467: 
_ _ _ _ _ _ _ _ _ _ _ _ _ _ _ _ _ _ _ _ _ _ _ _ _ _ _ _ _ _ _ _ _ _ _ _ _ _ _ _

self = <unittest.mock._patch object at 0x00000217B63DC560>

    def get_original(self):
        target = self.getter()
        name = self.attribute
    
        original = DEFAULT
        local = False
    
        try:
            original = target.__dict__[name]
        except (AttributeError, KeyError):
            original = getattr(target, name, DEFAULT)
        else:
            local = True
    
        if name in _builtins and isinstance(target, ModuleType):
            self.create = True
    
        if not self.create and original is DEFAULT:
>           raise AttributeError(
                "%s does not have the attribute %r" % (target, name)
            )
E           AttributeError: <module 'aortica.api.predict' from 'C:\\Users\\bigwh\\OneDrive\\Documents\\GitHub\\aortica\\aortica\\api\\predict.py'> does not have the attribute 'read_ecg'

C:\Program Files\WindowsApps\PythonSoftwareFoundation.Python.3.12_3.12.2800.0_x64__qbz5n2kfra8p0\Lib\unittest\mock.py:1437: AttributeError
____________ TestRunInferencePipeline.test_score_quality_is_called ____________

self = <tests.api.test_predict.TestRunInferencePipeline object at 0x00000217AE810CB0>

    def test_score_quality_is_called(self) -> None:
        """The score_quality step is invoked during the pipeline."""
        from aortica.io.ecg_record import ECGRecord
        from aortica.signal.quality_scoring import LeadQuality, QualityReport
    
        mock_record = ECGRecord(
            signals=np.random.default_rng(0).normal(0, 100, (2, 500)).astype(
                np.float64
            ),
            sample_rate=500.0,
            lead_names=["II", "V5"],
            duration_seconds=1.0,
            source_format="wfdb",
        )
    
        mock_quality = QualityReport(
            per_lead=[
                LeadQuality(lead_name="II", score=90.0, classification="good"),
                LeadQuality(lead_name="V5", score=85.0, classification="good"),
            ],
            overall_score=87.5,
            overall_classification="good",
            recommendation="accept",
        )
    
>       with patch("aortica.api.predict.read_ecg", return_value=mock_record), \
             ^^^^^^^^^^^^^^^^^^^^^^^^^^^^^^^^^^^^^^^^^^^^^^^^^^^^^^^^^^^^^^^
             patch("aortica.api.predict.denoise", return_value=mock_record), \
             patch(
                 "aortica.api.predict.score_quality",
                 return_value=mock_quality,
             ) as mock_sq:

tests\api\test_predict.py:796: 
_ _ _ _ _ _ _ _ _ _ _ _ _ _ _ _ _ _ _ _ _ _ _ _ _ _ _ _ _ _ _ _ _ _ _ _ _ _ _ _

self = <unittest.mock._patch object at 0x00000217B63F4140>

    def __enter__(self):
        """Perform the patch."""
        if self.is_started:
            raise RuntimeError("Patch is already started")
    
        new, spec, spec_set = self.new, self.spec, self.spec_set
        autospec, kwargs = self.autospec, self.kwargs
        new_callable = self.new_callable
        self.target = self.getter()
    
        # normalise False to None
        if spec is False:
            spec = None
        if spec_set is False:
            spec_set = None
        if autospec is False:
            autospec = None
    
        if spec is not None and autospec is not None:
            raise TypeError("Can't specify spec and autospec")
        if ((spec is not None or autospec is not None) and
            spec_set not in (True, None)):
            raise TypeError("Can't provide explicit spec_set *and* spec or autospec")
    
>       original, local = self.get_original()
                          ^^^^^^^^^^^^^^^^^^^

C:\Program Files\WindowsApps\PythonSoftwareFoundation.Python.3.12_3.12.2800.0_x64__qbz5n2kfra8p0\Lib\unittest\mock.py:1467: 
_ _ _ _ _ _ _ _ _ _ _ _ _ _ _ _ _ _ _ _ _ _ _ _ _ _ _ _ _ _ _ _ _ _ _ _ _ _ _ _

self = <unittest.mock._patch object at 0x00000217B63F4140>

    def get_original(self):
        target = self.getter()
        name = self.attribute
    
        original = DEFAULT
        local = False
    
        try:
            original = target.__dict__[name]
        except (AttributeError, KeyError):
            original = getattr(target, name, DEFAULT)
        else:
            local = True
    
        if name in _builtins and isinstance(target, ModuleType):
            self.create = True
    
        if not self.create and original is DEFAULT:
>           raise AttributeError(
                "%s does not have the attribute %r" % (target, name)
            )
E           AttributeError: <module 'aortica.api.predict' from 'C:\\Users\\bigwh\\OneDrive\\Documents\\GitHub\\aortica\\aortica\\api\\predict.py'> does not have the attribute 'read_ecg'

C:\Program Files\WindowsApps\PythonSoftwareFoundation.Python.3.12_3.12.2800.0_x64__qbz5n2kfra8p0\Lib\unittest\mock.py:1437: AttributeError
_______________ TestRunInferencePipeline.test_temp_file_cleanup _______________

self = <tests.api.test_predict.TestRunInferencePipeline object at 0x00000217AE810F80>

    def test_temp_file_cleanup(self) -> None:
        """Temp files are cleaned up after pipeline execution."""
        import os
        from aortica.io.ecg_record import ECGRecord
    
        mock_record = ECGRecord(
            signals=np.random.default_rng(0).normal(0, 100, (2, 500)).astype(
                np.float64
            ),
            sample_rate=500.0,
            lead_names=["II", "V5"],
            duration_seconds=1.0,
            source_format="wfdb",
        )
    
        created_paths: list[str] = []
    
>       original_write = tempfile.NamedTemporaryFile
                         ^^^^^^^^
E       NameError: name 'tempfile' is not defined. Did you forget to import 'tempfile'

tests\api\test_predict.py:824: NameError
============================== warnings summary ===============================
..\..\..\..\AppData\Local\Packages\PythonSoftwareFoundation.Python.3.12_qbz5n2kfra8p0\LocalCache\local-packages\Python312\site-packages\pydantic\_internal\_fields.py:132
  C:\Users\bigwh\AppData\Local\Packages\PythonSoftwareFoundation.Python.3.12_qbz5n2kfra8p0\LocalCache\local-packages\Python312\site-packages\pydantic\_internal\_fields.py:132: UserWarning: Field "model_loaded" in InfoResponse has conflict with protected namespace "model_".
  
  You may be able to resolve this warning by setting `model_config['protected_namespaces'] = ()`.
    warnings.warn(

-- Docs: https://docs.pytest.org/en/stable/how-to/capture-warnings.html
=========================== short test summary info ===========================
FAILED tests/api/test_predict.py::TestPredictEndpointNoModel::test_returns_200_with_wfdb
FAILED tests/api/test_predict.py::TestPredictEndpointNoModel::test_returns_200_with_quality_report
FAILED tests/api/test_predict.py::TestPredictEndpointNoModel::test_quality_report_per_lead_fields
FAILED tests/api/test_predict.py::TestPredictEndpointNoModel::test_format_query_parameter
FAILED tests/api/test_predict.py::TestPredictEndpointNoModel::test_returns_422_for_unsupported_format
FAILED tests/api/test_predict.py::TestPredictEndpointNoModel::test_returns_422_for_parse_error
FAILED tests/api/test_predict.py::TestPredictEndpointNoModel::test_content_type_json
FAILED tests/api/test_predict.py::TestPredictEndpointNoModel::test_no_predictions_without_model
FAILED tests/api/test_predict.py::TestPredictEndpointNoModel::test_response_matches_pydantic_model
FAILED tests/api/test_predict.py::TestPredictEndpointWithModel::test_returns_predictions_with_model
FAILED tests/api/test_predict.py::TestPredictEndpointWithModel::test_predictions_have_class_names
FAILED tests/api/test_predict.py::TestPredictEndpointWithModel::test_prediction_probability_ranges
FAILED tests/api/test_predict.py::TestRunInferencePipeline::test_returns_predict_response
FAILED tests/api/test_predict.py::TestRunInferencePipeline::test_quality_report_populated
FAILED tests/api/test_predict.py::TestRunInferencePipeline::test_no_model_empty_predictions
FAILED tests/api/test_predict.py::TestRunInferencePipeline::test_format_override_passed
FAILED tests/api/test_predict.py::TestRunInferencePipeline::test_unsupported_format_raises
FAILED tests/api/test_predict.py::TestRunInferencePipeline::test_denoise_is_called
FAILED tests/api/test_predict.py::TestRunInferencePipeline::test_score_quality_is_called
FAILED tests/api/test_predict.py::TestRunInferencePipeline::test_temp_file_cleanup
================== 20 failed, 10 passed, 1 warning in 2.37s ===================
